INFO:agents.orchestrator:Orchestrator: Handling workflow failure for Shubhamjkd01/AI_DevOps_X run 99998
WARNING:services.github:GitHub API Error (Run 99998 not found). Injecting Real-World Mock Logs for Demo.
INFO:agents.analyzer:Analyzer Agent: Scanning logs for priority errors...
WARNING:services.llm:No GEMINI_API_KEY found, returning mock LLM response.
ERROR:agents.analyzer:Failed to parse Analyzer JSON. Fallback active.
INFO:agents.analyzer:Analyzer Agent Output: [Priority: HIGH] Confidence 0.9 - Pipeline execution failed
INFO:agents.fixer:Fix Generator Agent: Generating patch-based fix...
INFO:agents.fixer:Fix Generator Agent: Fetching Episodic Patch Memory Context...
INFO:agents.fixer:Fix Generator Agent: Fetching Repo Context Engine data...
WARNING:services.llm:No GEMINI_API_KEY found, returning mock LLM response.
INFO:agents.fixer:Fix Generator Agent Output: Patch generated with 100.0% confidence.
INFO:agents.validator:Validator Agent: Validating patch for main.py...
INFO:execution.sandbox:Sandbox: Validating syntax for main.py
INFO:execution.sandbox:Sandbox: Validation passed. Code is syntactically correct.
INFO:agents.validator:Validator Agent: Syntax check passed. Running full Regression Check (unit tests + integration)...
INFO:agents.validator:Validator Agent Output: Zero regressions detected. We ensure fixes do not introduce new failures.
INFO:agents.pr_agent:PR Agent: Preparing pull request...
WARNING:services.llm:No GEMINI_API_KEY found, returning mock LLM response.
INFO:services.github:Created branch fix/workflow-99998
INFO:services.github:Modified main.py in fix/workflow-99998
INFO:services.github:Created PR: https://github.com/Shubhamjkd01/AI_DevOps_X/pull/3 with labels ['AI-generated']
INFO:agents.pr_agent:PR Agent Output: Created PR at https://github.com/Shubhamjkd01/AI_DevOps_X/pull/3
INFO:agents.orchestrator:Orchestrator: Process complete. PR created: https://github.com/Shubhamjkd01/AI_DevOps_X/pull/3 (Time to Fix: 13.64s)
INFO:learning.episodic_memory:Episodic Memory: Saved patch mapping to operational memory.
